// Jest Snapshot v1, https://goo.gl/fbAQLP

exports[`FormInput Component renders <FormInput /> component 1`] = `ShallowWrapper {}`;
