// Jest Snapshot v1, https://goo.gl/fbAQLP

exports[`CalculatorForm Component renders <CalculatorForm /> component 1`] = `ShallowWrapper {}`;
