// Jest Snapshot v1, https://goo.gl/fbAQLP

exports[`AmountForm Component renders <AmountForm /> component 1`] = `ShallowWrapper {}`;
