// Jest Snapshot v1, https://goo.gl/fbAQLP

exports[`ProductTable Component renders <ProductTable /> component 1`] = `ShallowWrapper {}`;
