// Jest Snapshot v1, https://goo.gl/fbAQLP

exports[`renders react App component 1`] = `ShallowWrapper {}`;
