// Jest Snapshot v1, https://goo.gl/fbAQLP

exports[`ProductForm Component renders <ProductForm /> component 1`] = `ShallowWrapper {}`;
